// Jest Snapshot v1, https://goo.gl/fbAQLP

exports[`renders correctly 1`] = `
<div
  className="container row cross-center h-100"
>
  <h3>
    Mathematics is not about numbers, equations, computations, or algorithms: it is about understanding. â€“William Paul Thurston
  </h3>
</div>
`;
