// Jest Snapshot v1, https://goo.gl/fbAQLP

exports[`renders correctly 1`] = `
<button
  onClick={[Function]}
  style={
    Object {
      "backgroundColor": "orange",
      "width": "50%",
    }
  }
  type="button"
>
  0
</button>
`;
